
poovarasans@C02D8EFPMD6M-poovarasans ~ % az group create --name learn-acr-rg --location eastus
{
  "id": "/subscriptions/fff309a9-2887-407d-b64d-e074e3d92e5b/resourceGroups/learn-acr-rg",
  "location": "eastus",
  "managedBy": null,
  "name": "learn-acr-rg",
  "properties": {
    "provisioningState": "Succeeded"
  },
  "tags": null,
  "type": "Microsoft.Resources/resourceGroups"
}

poovarasans@C02D8EFPMD6M-poovarasans ~ % az acr create --resource-group learn-acr-rg --name psazcontainer --sku Premium
{
  "adminUserEnabled": false,
  "anonymousPullEnabled": false,
  "autoGeneratedDomainNameLabelScope": "Unsecure",
  "creationDate": "2025-07-17T04:15:28.312283+00:00",
  "dataEndpointEnabled": false,
  "dataEndpointHostNames": [],
  "encryption": {
    "keyVaultProperties": null,
    "status": "disabled"
  },
  "id": "/subscriptions/fff309a9-2887-407d-b64d-e074e3d92e5b/resourceGroups/learn-acr-rg/providers/Microsoft.ContainerRegistry/registries/psazcontainer",
  "identity": null,
  "location": "eastus",
  "loginServer": "psazcontainer.azurecr.io",
  "metadataSearch": "Disabled",
  "name": "psazcontainer",
  "networkRuleBypassOptions": "AzureServices",
  "networkRuleSet": {
    "defaultAction": "Allow",
    "ipRules": []
  },
  "policies": {
    "azureAdAuthenticationAsArmPolicy": {
      "status": "enabled"
    },
    "exportPolicy": {
      "status": "enabled"
    },
    "quarantinePolicy": {
      "status": "disabled"
    },
    "retentionPolicy": {
      "days": 7,
      "lastUpdatedTime": "2025-07-17T04:15:35.626500+00:00",
      "status": "disabled"
    },
    "softDeletePolicy": {
      "lastUpdatedTime": "2025-07-17T04:15:35.626531+00:00",
      "retentionDays": 7,
      "status": "disabled"
    },
    "trustPolicy": {
      "status": "disabled",
      "type": "Notary"
    }
  },
  "privateEndpointConnections": [],
  "provisioningState": "Succeeded",
  "publicNetworkAccess": "Enabled",
  "resourceGroup": "learn-acr-rg",
  "roleAssignmentMode": "LegacyRegistryPermissions",
  "sku": {
    "name": "Premium",
    "tier": "Premium"
  },
  "status": null,
  "systemData": {
    "createdAt": "2025-07-17T04:15:28.312283+00:00",
    "createdBy": "poovarasans@presidio.com",
    "createdByType": "User",
    "lastModifiedAt": "2025-07-17T04:15:28.312283+00:00",
    "lastModifiedBy": "poovarasans@presidio.com",
    "lastModifiedByType": "User"
  },
  "tags": {},
  "type": "Microsoft.ContainerRegistry/registries",
  "zoneRedundancy": "Disabled"
}
poovarasans@C02D8EFPMD6M-poovarasans ~ % 


PS /home/poovarasans> az acr build --registry psazcontainer --image helloacrtasks:v1 .                                                                                                   
Packing source code into tar to upload...
Uploading archived source code from '/tmp/build_archive_173893cfae944d96ad1997ef2e7bdfc1.tar.gz'...
/usr/lib64/az/lib/python3.12/site-packages/azure/multiapi/storagev2/blob/__init__.py:1: UserWarning: pkg_resources is deprecated as an API. See https://setuptools.pypa.io/en/latest/pkg_resources.html. The pkg_resources package is slated for removal as early as 2025-11-30. Refrain from using this package or pin to Setuptools<81.
  __import__('pkg_resources').declare_namespace(__name__)
Sending context (111.643 KiB) to registry: psazcontainer...
Queued a build with ID: ca1
Waiting for an agent...
2025/07/17 04:26:43 Downloading source code...
2025/07/17 04:26:44 Finished downloading source code
2025/07/17 04:26:44 Using acb_vol_711269b4-9bb5-4246-9ac4-3021562505f8 as the home volume
2025/07/17 04:26:44 Setting up Docker configuration...
2025/07/17 04:26:45 Successfully set up Docker configuration
2025/07/17 04:26:45 Logging in to registry: psazcontainer.azurecr.io
2025/07/17 04:26:45 Successfully logged into psazcontainer.azurecr.io
2025/07/17 04:26:45 Executing step ID: build. Timeout(sec): 28800, Working directory: '', Network: ''
2025/07/17 04:26:45 Scanning for dependencies...
2025/07/17 04:26:46 Successfully scanned dependencies
2025/07/17 04:26:46 Launching container with name: build
Sending build context to Docker daemon    640kB
Step 1/6 : FROM    node:9-alpine
9-alpine: Pulling from library/node
a073c86ecf9e: Pulling fs layer
0e28711eb56d: Pulling fs layer
e460dd483fdd: Pulling fs layer
a073c86ecf9e: Download complete
e460dd483fdd: Verifying Checksum
e460dd483fdd: Download complete
0e28711eb56d: Verifying Checksum
0e28711eb56d: Download complete
a073c86ecf9e: Pull complete
0e28711eb56d: Pull complete
e460dd483fdd: Pull complete
Digest: sha256:8dafc0968fb4d62834d9b826d85a8feecc69bd72cd51723c62c7db67c6dec6fa
Status: Downloaded newer image for node:9-alpine
 ---> a56170f59699
Step 2/6 : ADD     https://raw.githubusercontent.com/Azure-Samples/acr-build-helloworld-node/master/package.json /

 ---> ea5227668da9
Step 3/6 : ADD     https://raw.githubusercontent.com/Azure-Samples/acr-build-helloworld-node/master/server.js /

 ---> 0fb40a532879
Step 4/6 : RUN     npm install
 ---> Running in 11ec6aecf2e7
npm notice created a lockfile as package-lock.json. You should commit this file.
npm WARN helloworld@1.0.0 No repository field.

up to date in 0.049s
Removing intermediate container 11ec6aecf2e7
 ---> 399e272304eb
Step 5/6 : EXPOSE  80
 ---> Running in 3ca5a1a69258
Removing intermediate container 3ca5a1a69258
 ---> 3e82cad432c3
Step 6/6 : CMD     ["node", "server.js"]
 ---> Running in 0314035c6d9e
Removing intermediate container 0314035c6d9e
 ---> 185a96f106cc
Successfully built 185a96f106cc
Successfully tagged psazcontainer.azurecr.io/helloacrtasks:v1
2025/07/17 04:26:53 Successfully executed container: build
2025/07/17 04:26:53 Executing step ID: push. Timeout(sec): 3600, Working directory: '', Network: ''
2025/07/17 04:26:53 Pushing image: psazcontainer.azurecr.io/helloacrtasks:v1, attempt 1
The push refers to repository [psazcontainer.azurecr.io/helloacrtasks]
dd41b04cee9a: Preparing
105fab5e99d4: Preparing
51978827661c: Preparing
172ed8ca5e43: Preparing
8c9992f4e5dd: Preparing
8dfad2055603: Preparing
8dfad2055603: Waiting
105fab5e99d4: Pushed
dd41b04cee9a: Pushed
172ed8ca5e43: Pushed
51978827661c: Pushed
8c9992f4e5dd: Pushed
8dfad2055603: Pushed
v1: digest: sha256:7f28ed469b1b3d63968f08b3c825c985120387f2239910dc5e8d36a0e0bfebed size: 1572
2025/07/17 04:27:01 Successfully pushed image: psazcontainer.azurecr.io/helloacrtasks:v1
2025/07/17 04:27:01 Step ID: build marked as successful (elapsed time in seconds: 7.176740)
2025/07/17 04:27:01 Populating digests for step ID: build...
2025/07/17 04:27:02 Successfully populated digests for step ID: build
2025/07/17 04:27:02 Step ID: push marked as successful (elapsed time in seconds: 8.422679)
2025/07/17 04:27:02 The following dependencies were found:
2025/07/17 04:27:02 
- image:
    registry: psazcontainer.azurecr.io
    repository: helloacrtasks
    tag: v1
    digest: sha256:7f28ed469b1b3d63968f08b3c825c985120387f2239910dc5e8d36a0e0bfebed
  runtime-dependency:
    registry: registry.hub.docker.com
    repository: library/node
    tag: 9-alpine
    digest: sha256:8dafc0968fb4d62834d9b826d85a8feecc69bd72cd51723c62c7db67c6dec6fa
  git: {}

Run ID: ca1 was successful after 19s



PS /home/poovarasans> az acr repository list --name psazcontainer --output table                                                                                                         
Result
-------------
helloacrtasks
PS /home/poovarasans> 

PS /home/poovarasans> az acr update -n psazcontainer --admin-enabled true                                                                                         {                      
  "adminUserEnabled": true,
  "anonymousPullEnabled": false,
  "autoGeneratedDomainNameLabelScope": "Unsecure",
  "creationDate": "2025-07-17T04:15:28.312283+00:00",
  "dataEndpointEnabled": false,
  "dataEndpointHostNames": [],
  "encryption": {
    "keyVaultProperties": null,
    "status": "disabled"
  },
  "id": "/subscriptions/fff309a9-2887-407d-b64d-e074e3d92e5b/resourceGroups/learn-acr-rg/providers/Microsoft.ContainerRegistry/registries/psazcontainer",
  "identity": null,
  "location": "eastus",
  "loginServer": "psazcontainer.azurecr.io",
  "metadataSearch": "Disabled",
  "name": "psazcontainer",
  "networkRuleBypassOptions": "AzureServices",
  "networkRuleSet": {
    "defaultAction": "Allow",
    "ipRules": []
  },
  "policies": {
    "azureAdAuthenticationAsArmPolicy": {
      "status": "enabled"
    },
    "exportPolicy": {
      "status": "enabled"
    },
    "quarantinePolicy": {
      "status": "disabled"
    },
    "retentionPolicy": {
      "days": 7,
      "lastUpdatedTime": "2025-07-17T04:15:35.626500+00:00",
      "status": "disabled"
    },
    "softDeletePolicy": {
      "lastUpdatedTime": "2025-07-17T04:15:35.626531+00:00",
      "retentionDays": 7,
      "status": "disabled"
    },
    "trustPolicy": {
      "status": "disabled",
      "type": "Notary"
    }
  },
  "privateEndpointConnections": [],
  "provisioningState": "Succeeded",
  "publicNetworkAccess": "Enabled",
  "resourceGroup": "learn-acr-rg",
  "roleAssignmentMode": "LegacyRegistryPermissions",
  "sku": {
    "name": "Premium",
    "tier": "Premium"
  },
  "status": null,
  "systemData": {
    "createdAt": "2025-07-17T04:15:28.312283+00:00",
    "createdBy": "poovarasans@presidio.com",
    "createdByType": "User",
    "lastModifiedAt": "2025-07-17T04:31:02.587625+00:00",
    "lastModifiedBy": "poovarasans@presidio.com",
    "lastModifiedByType": "User"
  },
  "tags": {},
  "type": "Microsoft.ContainerRegistry/registries",
  "zoneRedundancy": "Disabled"
}

az acr credential show --name psazcontainer


poovarasans@C02D8EFPMD6M-poovarasans ~ % az container create --resource-group learn-acr-rg --name acr-tasks --image psazcontainer.azurecr.io/helloacrtasks:v1 --registry-login-server psazcontainer.azurecr.io --ip-address Public --location eastus --registry-username psazcontainer --registry-password EEV6ShX7yd0P3iz7Ad1htYYyAHtko44de3uNrqcRgI+ACRB0UVAn --os-type Linux --cpu 1 --memory 1
{
  "confidentialComputeProperties": null,
  "containerGroupProfile": null,
  "containers": [
    {
      "command": null,
      "configMap": {
        "keyValuePairs": {}
      },
      "environmentVariables": [],
      "image": "psazcontainer.azurecr.io/helloacrtasks:v1",
      "instanceView": {
        "currentState": {
          "detailStatus": "",
          "exitCode": null,
          "finishTime": null,
          "startTime": "2025-07-17T04:39:11.338000+00:00",
          "state": "Running"
        },
        "events": [
          {
            "count": 1,
            "firstTimestamp": "2025-07-17T04:38:57+00:00",
            "lastTimestamp": "2025-07-17T04:38:57+00:00",
            "message": "pulling image \"psazcontainer.azurecr.io/helloacrtasks@sha256:7f28ed469b1b3d63968f08b3c825c985120387f2239910dc5e8d36a0e0bfebed\"",
            "name": "Pulling",
            "type": "Normal"
          },
          {
            "count": 1,
            "firstTimestamp": "2025-07-17T04:39:01+00:00",
            "lastTimestamp": "2025-07-17T04:39:01+00:00",
            "message": "Successfully pulled image \"psazcontainer.azurecr.io/helloacrtasks@sha256:7f28ed469b1b3d63968f08b3c825c985120387f2239910dc5e8d36a0e0bfebed\"",
            "name": "Pulled",
            "type": "Normal"
          },
          {
            "count": 1,
            "firstTimestamp": "2025-07-17T04:39:11+00:00",
            "lastTimestamp": "2025-07-17T04:39:11+00:00",
            "message": "Started container",
            "name": "Started",
            "type": "Normal"
          }
        ],
        "previousState": null,
        "restartCount": 0
      },
      "livenessProbe": null,
      "name": "acr-tasks",
      "ports": [
        {
          "port": 80,
          "protocol": "TCP"
        }
      ],
      "readinessProbe": null,
      "resources": {
        "limits": null,
        "requests": {
          "cpu": 1.0,
          "gpu": null,
          "memoryInGb": 1.0
        }
      },
      "securityContext": null,
      "volumeMounts": null
    }
  ],
  "diagnostics": null,
  "dnsConfig": null,
  "encryptionProperties": null,
  "extensions": null,
  "id": "/subscriptions/fff309a9-2887-407d-b64d-e074e3d92e5b/resourceGroups/learn-acr-rg/providers/Microsoft.ContainerInstance/containerGroups/acr-tasks",
  "identity": null,
  "imageRegistryCredentials": [
    {
      "identity": null,
      "identityUrl": null,
      "isDelegatedIdentity": false,
      "password": null,
      "server": "psazcontainer.azurecr.io",
      "username": "psazcontainer"
    }
  ],
  "initContainers": [],
  "instanceView": {
    "events": [],
    "state": "Running"
  },
  "ipAddress": {
    "autoGeneratedDomainNameLabelScope": null,
    "dnsNameLabel": null,
    "fqdn": null,
    "ip": "52.224.131.107",
    "ports": [
      {
        "port": 80,
        "protocol": "TCP"
      }
    ],
    "type": "Public"
  },
  "isCreatedFromStandbyPool": false,
  "location": "eastus",
  "name": "acr-tasks",
  "osType": "Linux",
  "priority": null,
  "provisioningState": "Succeeded",
  "resourceGroup": "learn-acr-rg",
  "restartPolicy": null,
  "sku": "Standard",
  "standbyPoolProfile": null,
  "subnetIds": null,
  "tags": {},
  "type": "Microsoft.ContainerInstance/containerGroups",
  "volumes": null,
  "zones": null
}
poovarasans@C02D8EFPMD6M-poovarasans ~ % az container show --resource-group learn-acr-rg --name acr-tasks --query ipAddress.ip --output table
Result
--------------
52.224.131.107

poovarasans@C02D8EFPMD6M-poovarasans ~ % 


poovarasans@C02D8EFPMD6M-poovarasans ~ % az acr replication create --registry psazcontainer --location eastus2  
{
  "id": "/subscriptions/fff309a9-2887-407d-b64d-e074e3d92e5b/resourceGroups/learn-acr-rg/providers/Microsoft.ContainerRegistry/registries/psazcontainer/replications/eastus2",
  "location": "eastus2",
  "name": "eastus2",
  "provisioningState": "Succeeded",
  "regionEndpointEnabled": true,
  "resourceGroup": "learn-acr-rg",
  "status": {
    "displayStatus": "Ready",
    "message": null,
    "timestamp": "2025-07-17T04:44:32.711508+00:00"
  },
  "systemData": {
    "createdAt": "2025-07-17T04:44:11.453041+00:00",
    "createdBy": "poovarasans@presidio.com",
    "createdByType": "User",
    "lastModifiedAt": "2025-07-17T04:44:11.453041+00:00",
    "lastModifiedBy": "poovarasans@presidio.com",
    "lastModifiedByType": "User"
  },
  "tags": {},
  "type": "Microsoft.ContainerRegistry/registries/replications",
  "zoneRedundancy": "Disabled"
}
poovarasans@C02D8EFPMD6M-poovarasans ~ % 


poovarasans@C02D8EFPMD6M-poovarasans ~ % az acr replication list --registry psazcontainer --output table
NAME     LOCATION    PROVISIONING STATE    STATUS    REGION ENDPOINT ENABLED
-------  ----------  --------------------  --------  -------------------------
eastus2  eastus2     Succeeded             Ready     True
eastus   eastus      Succeeded             Ready     True
